I'm sorry, but errors were detected in your script. Please correct the
errors listed below, and try again.


File "game/script.rpy", line 37: expected ':' not found.
    label menu1
               ^

Ren'Py Version: Ren'Py 6.99.14.1.3218
Tue Mar 13 16:34:57 2018
